// Jest Snapshot v1, https://goo.gl/fbAQLP

exports[`Circular Cards View renders correctly 1`] = `
Object {
  "asFragment": [Function],
  "baseElement": <body>
    <div>
      <div
        class="flex my-6 md:px-8 md:my-32 flex-wrap gap-x-3 gap-y-5 md:gap-5 justify-center w-full"
      >
        <div
          class="bg-white rounded-lg md:rounded-2xl lg:rounded-3xl relative font-courier w-1/6 min-w-[103px] max-w-[192px] aspect-[2.2/3]"
          style="transition: all 300ms ease-in-out; transform-origin: 50% 0; opacity: 1; transform: translateY(20px);"
        >
          <div
            class="font-bold leading-none relative w-fit text-4xl md:text-6xl lg:text-8xl pt-5 pl-5 text-black"
            data-testid="card-text"
          >
            2
            <img
              alt="2 of Clubs"
              class="absolute min-w-[20px] aspect-[1/1] max-w-[36px] w-1/2 right-0 lg:right-1 lg:-bottom-6"
              src="Clubs.svg"
            />
          </div>
          <img
            alt="2 of Clubs"
            class="min-w-[48px] max-w-[90px] w-1/2 aspect-[1/1] absolute right-3.5 bottom-3.5 lg:right-6 lg:bottom-6"
            data-testid="card-symbol"
            src="Clubs.svg"
          />
        </div>
        <div
          class="bg-white rounded-lg md:rounded-2xl lg:rounded-3xl relative font-courier w-1/6 min-w-[103px] max-w-[192px] aspect-[2.2/3]"
          style="transition: all 300ms ease-in-out; transform-origin: 50% 0; opacity: 1; transform: translateY(20px);"
        >
          <div
            class="font-bold leading-none relative w-fit text-4xl md:text-6xl lg:text-8xl pt-5 pl-5 text-black"
            data-testid="card-text"
          >
            3
            <img
              alt="3 of Clubs"
              class="absolute min-w-[20px] aspect-[1/1] max-w-[36px] w-1/2 right-0 lg:right-1 lg:-bottom-6"
              src="Clubs.svg"
            />
          </div>
          <img
            alt="3 of Clubs"
            class="min-w-[48px] max-w-[90px] w-1/2 aspect-[1/1] absolute right-3.5 bottom-3.5 lg:right-6 lg:bottom-6"
            data-testid="card-symbol"
            src="Clubs.svg"
          />
        </div>
        <div
          class="bg-white rounded-lg md:rounded-2xl lg:rounded-3xl relative font-courier w-1/6 min-w-[103px] max-w-[192px] aspect-[2.2/3]"
          style="transition: all 300ms ease-in-out; transform-origin: 50% 0; opacity: 1; transform: translateY(20px);"
        >
          <div
            class="font-bold leading-none relative w-fit text-4xl md:text-6xl lg:text-8xl pt-5 pl-5 text-black"
            data-testid="card-text"
          >
            4
            <img
              alt="4 of Clubs"
              class="absolute min-w-[20px] aspect-[1/1] max-w-[36px] w-1/2 right-0 lg:right-1 lg:-bottom-6"
              src="Clubs.svg"
            />
          </div>
          <img
            alt="4 of Clubs"
            class="min-w-[48px] max-w-[90px] w-1/2 aspect-[1/1] absolute right-3.5 bottom-3.5 lg:right-6 lg:bottom-6"
            data-testid="card-symbol"
            src="Clubs.svg"
          />
        </div>
        <div
          class="bg-white rounded-lg md:rounded-2xl lg:rounded-3xl relative font-courier w-1/6 min-w-[103px] max-w-[192px] aspect-[2.2/3]"
          style="transition: all 300ms ease-in-out; transform-origin: 50% 0; opacity: 1; transform: translateY(20px);"
        >
          <div
            class="font-bold leading-none relative w-fit text-4xl md:text-6xl lg:text-8xl pt-5 pl-5 text-black"
            data-testid="card-text"
          >
            5
            <img
              alt="5 of Clubs"
              class="absolute min-w-[20px] aspect-[1/1] max-w-[36px] w-1/2 right-0 lg:right-1 lg:-bottom-6"
              src="Clubs.svg"
            />
          </div>
          <img
            alt="5 of Clubs"
            class="min-w-[48px] max-w-[90px] w-1/2 aspect-[1/1] absolute right-3.5 bottom-3.5 lg:right-6 lg:bottom-6"
            data-testid="card-symbol"
            src="Clubs.svg"
          />
        </div>
        <div
          class="bg-white rounded-lg md:rounded-2xl lg:rounded-3xl relative font-courier w-1/6 min-w-[103px] max-w-[192px] aspect-[2.2/3]"
          style="transition: all 300ms ease-in-out; transform-origin: 50% 0; opacity: 1; transform: translateY(20px);"
        >
          <div
            class="font-bold leading-none relative w-fit text-4xl md:text-6xl lg:text-8xl pt-5 pl-5 text-black"
            data-testid="card-text"
          >
            6
            <img
              alt="6 of Clubs"
              class="absolute min-w-[20px] aspect-[1/1] max-w-[36px] w-1/2 right-0 lg:right-1 lg:-bottom-6"
              src="Clubs.svg"
            />
          </div>
          <img
            alt="6 of Clubs"
            class="min-w-[48px] max-w-[90px] w-1/2 aspect-[1/1] absolute right-3.5 bottom-3.5 lg:right-6 lg:bottom-6"
            data-testid="card-symbol"
            src="Clubs.svg"
          />
        </div>
      </div>
    </div>
  </body>,
  "container": <div>
    <div
      class="flex my-6 md:px-8 md:my-32 flex-wrap gap-x-3 gap-y-5 md:gap-5 justify-center w-full"
    >
      <div
        class="bg-white rounded-lg md:rounded-2xl lg:rounded-3xl relative font-courier w-1/6 min-w-[103px] max-w-[192px] aspect-[2.2/3]"
        style="transition: all 300ms ease-in-out; transform-origin: 50% 0; opacity: 1; transform: translateY(20px);"
      >
        <div
          class="font-bold leading-none relative w-fit text-4xl md:text-6xl lg:text-8xl pt-5 pl-5 text-black"
          data-testid="card-text"
        >
          2
          <img
            alt="2 of Clubs"
            class="absolute min-w-[20px] aspect-[1/1] max-w-[36px] w-1/2 right-0 lg:right-1 lg:-bottom-6"
            src="Clubs.svg"
          />
        </div>
        <img
          alt="2 of Clubs"
          class="min-w-[48px] max-w-[90px] w-1/2 aspect-[1/1] absolute right-3.5 bottom-3.5 lg:right-6 lg:bottom-6"
          data-testid="card-symbol"
          src="Clubs.svg"
        />
      </div>
      <div
        class="bg-white rounded-lg md:rounded-2xl lg:rounded-3xl relative font-courier w-1/6 min-w-[103px] max-w-[192px] aspect-[2.2/3]"
        style="transition: all 300ms ease-in-out; transform-origin: 50% 0; opacity: 1; transform: translateY(20px);"
      >
        <div
          class="font-bold leading-none relative w-fit text-4xl md:text-6xl lg:text-8xl pt-5 pl-5 text-black"
          data-testid="card-text"
        >
          3
          <img
            alt="3 of Clubs"
            class="absolute min-w-[20px] aspect-[1/1] max-w-[36px] w-1/2 right-0 lg:right-1 lg:-bottom-6"
            src="Clubs.svg"
          />
        </div>
        <img
          alt="3 of Clubs"
          class="min-w-[48px] max-w-[90px] w-1/2 aspect-[1/1] absolute right-3.5 bottom-3.5 lg:right-6 lg:bottom-6"
          data-testid="card-symbol"
          src="Clubs.svg"
        />
      </div>
      <div
        class="bg-white rounded-lg md:rounded-2xl lg:rounded-3xl relative font-courier w-1/6 min-w-[103px] max-w-[192px] aspect-[2.2/3]"
        style="transition: all 300ms ease-in-out; transform-origin: 50% 0; opacity: 1; transform: translateY(20px);"
      >
        <div
          class="font-bold leading-none relative w-fit text-4xl md:text-6xl lg:text-8xl pt-5 pl-5 text-black"
          data-testid="card-text"
        >
          4
          <img
            alt="4 of Clubs"
            class="absolute min-w-[20px] aspect-[1/1] max-w-[36px] w-1/2 right-0 lg:right-1 lg:-bottom-6"
            src="Clubs.svg"
          />
        </div>
        <img
          alt="4 of Clubs"
          class="min-w-[48px] max-w-[90px] w-1/2 aspect-[1/1] absolute right-3.5 bottom-3.5 lg:right-6 lg:bottom-6"
          data-testid="card-symbol"
          src="Clubs.svg"
        />
      </div>
      <div
        class="bg-white rounded-lg md:rounded-2xl lg:rounded-3xl relative font-courier w-1/6 min-w-[103px] max-w-[192px] aspect-[2.2/3]"
        style="transition: all 300ms ease-in-out; transform-origin: 50% 0; opacity: 1; transform: translateY(20px);"
      >
        <div
          class="font-bold leading-none relative w-fit text-4xl md:text-6xl lg:text-8xl pt-5 pl-5 text-black"
          data-testid="card-text"
        >
          5
          <img
            alt="5 of Clubs"
            class="absolute min-w-[20px] aspect-[1/1] max-w-[36px] w-1/2 right-0 lg:right-1 lg:-bottom-6"
            src="Clubs.svg"
          />
        </div>
        <img
          alt="5 of Clubs"
          class="min-w-[48px] max-w-[90px] w-1/2 aspect-[1/1] absolute right-3.5 bottom-3.5 lg:right-6 lg:bottom-6"
          data-testid="card-symbol"
          src="Clubs.svg"
        />
      </div>
      <div
        class="bg-white rounded-lg md:rounded-2xl lg:rounded-3xl relative font-courier w-1/6 min-w-[103px] max-w-[192px] aspect-[2.2/3]"
        style="transition: all 300ms ease-in-out; transform-origin: 50% 0; opacity: 1; transform: translateY(20px);"
      >
        <div
          class="font-bold leading-none relative w-fit text-4xl md:text-6xl lg:text-8xl pt-5 pl-5 text-black"
          data-testid="card-text"
        >
          6
          <img
            alt="6 of Clubs"
            class="absolute min-w-[20px] aspect-[1/1] max-w-[36px] w-1/2 right-0 lg:right-1 lg:-bottom-6"
            src="Clubs.svg"
          />
        </div>
        <img
          alt="6 of Clubs"
          class="min-w-[48px] max-w-[90px] w-1/2 aspect-[1/1] absolute right-3.5 bottom-3.5 lg:right-6 lg:bottom-6"
          data-testid="card-symbol"
          src="Clubs.svg"
        />
      </div>
    </div>
  </div>,
  "debug": [Function],
  "findAllByAltText": [Function],
  "findAllByDisplayValue": [Function],
  "findAllByLabelText": [Function],
  "findAllByPlaceholderText": [Function],
  "findAllByRole": [Function],
  "findAllByTestId": [Function],
  "findAllByText": [Function],
  "findAllByTitle": [Function],
  "findByAltText": [Function],
  "findByDisplayValue": [Function],
  "findByLabelText": [Function],
  "findByPlaceholderText": [Function],
  "findByRole": [Function],
  "findByTestId": [Function],
  "findByText": [Function],
  "findByTitle": [Function],
  "getAllByAltText": [Function],
  "getAllByDisplayValue": [Function],
  "getAllByLabelText": [Function],
  "getAllByPlaceholderText": [Function],
  "getAllByRole": [Function],
  "getAllByTestId": [Function],
  "getAllByText": [Function],
  "getAllByTitle": [Function],
  "getByAltText": [Function],
  "getByDisplayValue": [Function],
  "getByLabelText": [Function],
  "getByPlaceholderText": [Function],
  "getByRole": [Function],
  "getByTestId": [Function],
  "getByText": [Function],
  "getByTitle": [Function],
  "queryAllByAltText": [Function],
  "queryAllByDisplayValue": [Function],
  "queryAllByLabelText": [Function],
  "queryAllByPlaceholderText": [Function],
  "queryAllByRole": [Function],
  "queryAllByTestId": [Function],
  "queryAllByText": [Function],
  "queryAllByTitle": [Function],
  "queryByAltText": [Function],
  "queryByDisplayValue": [Function],
  "queryByLabelText": [Function],
  "queryByPlaceholderText": [Function],
  "queryByRole": [Function],
  "queryByTestId": [Function],
  "queryByText": [Function],
  "queryByTitle": [Function],
  "rerender": [Function],
  "unmount": [Function],
}
`;
