// Jest Snapshot v1, https://goo.gl/fbAQLP

exports[`Button renders correctly 1`] = `
<div>
  <button
    class="bg-yellow-300 font-alfa rounded-xl"
    type="button"
  >
    Button
  </button>
</div>
`;
